src/intake.controller.ts(2,24): error TS2305: Module '"@prisma/client"' has no exported member 'UserIntake'.
src/webhooks.controller.ts(4,66): error TS2322: Type '"2024-08-01"' is not assignable to type '"2022-11-15"'.
